Java HotSpot(TM) 64-Bit Server VM (25.281-b09) for bsd-amd64 JRE (1.8.0_281-b09), built on Dec  9 2020 12:44:49 by "java_re" with gcc 4.2.1 Compatible Apple LLVM 10.0.0 (clang-1000.11.45.5)
Memory: 4k page, physical 8388608k(124320k free)

/proc/meminfo:

CommandLine flags: -XX:InitialHeapSize=1073741824 -XX:MaxHeapSize=1073741824 -XX:MaxNewSize=348966912 -XX:MaxTenuringThreshold=6 -XX:NewSize=348966912 -XX:OldPLABSize=16 -XX:OldSize=697933824 -XX:+PrintGC -XX:+PrintGCDateStamps -XX:+PrintGCDetails -XX:+PrintGCTimeStamps -XX:-UseAdaptiveSizePolicy -XX:+UseCompressedClassPointers -XX:+UseCompressedOops -XX:+UseConcMarkSweepGC -XX:+UseParNewGC 
2021-03-28T23:31:12.173-0800: 0.668: [GC (Allocation Failure) 2021-03-28T23:31:12.174-0800: 0.668: [ParNew: 272640K->34048K(306688K), 0.1387337 secs] 272640K->78513K(1014528K), 0.1404050 secs] [Times: user=0.05 sys=0.05, real=0.14 secs] 
2021-03-28T23:31:12.472-0800: 0.967: [GC (Allocation Failure) 2021-03-28T23:31:12.472-0800: 0.967: [ParNew: 306688K->34048K(306688K), 0.0844260 secs] 351153K->162297K(1014528K), 0.0845175 secs] [Times: user=0.06 sys=0.05, real=0.08 secs] 
2021-03-28T23:31:12.610-0800: 1.105: [GC (Allocation Failure) 2021-03-28T23:31:12.610-0800: 1.105: [ParNew: 306688K->34048K(306688K), 0.0646376 secs] 434937K->236056K(1014528K), 0.0647273 secs] [Times: user=0.10 sys=0.03, real=0.06 secs] 
Heap
 par new generation   total 306688K, used 179915K [0x0000000780000000, 0x0000000794cc0000, 0x0000000794cc0000)
  eden space 272640K,  53% used [0x0000000780000000, 0x0000000788e72f18, 0x0000000790a40000)
  from space 34048K, 100% used [0x0000000792b80000, 0x0000000794cc0000, 0x0000000794cc0000)
  to   space 34048K,   0% used [0x0000000790a40000, 0x0000000790a40000, 0x0000000792b80000)
 concurrent mark-sweep generation total 707840K, used 202008K [0x0000000794cc0000, 0x00000007c0000000, 0x00000007c0000000)
 Metaspace       used 3619K, capacity 4540K, committed 4864K, reserved 1056768K
  class space    used 407K, capacity 428K, committed 512K, reserved 1048576K
