Java HotSpot(TM) 64-Bit Server VM (25.281-b09) for bsd-amd64 JRE (1.8.0_281-b09), built on Dec  9 2020 12:44:49 by "java_re" with gcc 4.2.1 Compatible Apple LLVM 10.0.0 (clang-1000.11.45.5)
Memory: 4k page, physical 8388608k(286244k free)

/proc/meminfo:

CommandLine flags: -XX:InitialHeapSize=536870912 -XX:MaxHeapSize=536870912 -XX:MaxNewSize=178958336 -XX:MaxTenuringThreshold=6 -XX:NewSize=178958336 -XX:OldPLABSize=16 -XX:OldSize=357912576 -XX:+PrintGC -XX:+PrintGCDateStamps -XX:+PrintGCDetails -XX:+PrintGCTimeStamps -XX:-UseAdaptiveSizePolicy -XX:+UseCompressedClassPointers -XX:+UseCompressedOops -XX:+UseConcMarkSweepGC -XX:+UseParNewGC 
2021-03-28T23:32:33.387-0800: 0.492: [GC (Allocation Failure) 2021-03-28T23:32:33.387-0800: 0.492: [ParNew: 139776K->17472K(157248K), 0.0213096 secs] 139776K->47428K(506816K), 0.0214605 secs] [Times: user=0.03 sys=0.03, real=0.02 secs] 
2021-03-28T23:32:33.462-0800: 0.567: [GC (Allocation Failure) 2021-03-28T23:32:33.462-0800: 0.567: [ParNew: 157248K->17472K(157248K), 0.0627437 secs] 187204K->97907K(506816K), 0.0628478 secs] [Times: user=0.03 sys=0.03, real=0.06 secs] 
2021-03-28T23:32:33.562-0800: 0.667: [GC (Allocation Failure) 2021-03-28T23:32:33.562-0800: 0.667: [ParNew: 157204K->17472K(157248K), 0.0975909 secs] 237640K->140966K(506816K), 0.0976939 secs] [Times: user=0.06 sys=0.02, real=0.10 secs] 
2021-03-28T23:32:33.695-0800: 0.799: [GC (Allocation Failure) 2021-03-28T23:32:33.695-0800: 0.799: [ParNew: 157248K->17472K(157248K), 0.0841198 secs] 280742K->184509K(506816K), 0.0842261 secs] [Times: user=0.12 sys=0.02, real=0.08 secs] 
2021-03-28T23:32:33.809-0800: 0.914: [GC (Allocation Failure) 2021-03-28T23:32:33.809-0800: 0.914: [ParNew: 156684K->17472K(157248K), 0.0622219 secs] 323721K->228240K(506816K), 0.0623285 secs] [Times: user=0.07 sys=0.02, real=0.07 secs] 
2021-03-28T23:32:33.872-0800: 0.977: [GC (CMS Initial Mark) [1 CMS-initial-mark: 210768K(349568K)] 235130K(506816K), 0.0019531 secs] [Times: user=0.00 sys=0.00, real=0.00 secs] 
2021-03-28T23:32:33.874-0800: 0.979: [CMS-concurrent-mark-start]
2021-03-28T23:32:33.882-0800: 0.986: [CMS-concurrent-mark: 0.008/0.008 secs] [Times: user=0.01 sys=0.00, real=0.01 secs] 
2021-03-28T23:32:33.882-0800: 0.987: [CMS-concurrent-preclean-start]
2021-03-28T23:32:33.884-0800: 0.988: [CMS-concurrent-preclean: 0.002/0.002 secs] [Times: user=0.00 sys=0.00, real=0.00 secs] 
2021-03-28T23:32:33.884-0800: 0.988: [CMS-concurrent-abortable-preclean-start]
2021-03-28T23:32:33.899-0800: 1.003: [GC (Allocation Failure) 2021-03-28T23:32:33.899-0800: 1.003: [ParNew: 157119K->17472K(157248K), 0.0696202 secs] 367887K->276796K(506816K), 0.0697288 secs] [Times: user=0.07 sys=0.02, real=0.07 secs] 
2021-03-28T23:32:33.993-0800: 1.097: [GC (Allocation Failure) 2021-03-28T23:32:33.993-0800: 1.097: [ParNew: 157248K->17471K(157248K), 0.0471707 secs] 416572K->321323K(506816K), 0.0472767 secs] [Times: user=0.04 sys=0.01, real=0.05 secs] 
2021-03-28T23:32:34.071-0800: 1.176: [GC (Allocation Failure) 2021-03-28T23:32:34.072-0800: 1.176: [ParNew: 157247K->157247K(157248K), 0.0000366 secs]2021-03-28T23:32:34.072-0800: 1.176: [CMS2021-03-28T23:32:34.072-0800: 1.176: [CMS-concurrent-abortable-preclean: 0.005/0.188 secs] [Times: user=0.23 sys=0.04, real=0.19 secs] 
 (concurrent mode failure): 303851K->258096K(349568K), 0.0681035 secs] 461099K->258096K(506816K), [Metaspace: 3730K->3730K(1056768K)], 0.0682799 secs] [Times: user=0.06 sys=0.00, real=0.07 secs] 
Heap
 par new generation   total 157248K, used 73239K [0x00000007a0000000, 0x00000007aaaa0000, 0x00000007aaaa0000)
  eden space 139776K,  52% used [0x00000007a0000000, 0x00000007a4785d20, 0x00000007a8880000)
  from space 17472K,   0% used [0x00000007a9990000, 0x00000007a9990000, 0x00000007aaaa0000)
  to   space 17472K,   0% used [0x00000007a8880000, 0x00000007a8880000, 0x00000007a9990000)
 concurrent mark-sweep generation total 349568K, used 258096K [0x00000007aaaa0000, 0x00000007c0000000, 0x00000007c0000000)
 Metaspace       used 3737K, capacity 4540K, committed 4864K, reserved 1056768K
  class space    used 418K, capacity 428K, committed 512K, reserved 1048576K
