Java HotSpot(TM) 64-Bit Server VM (25.281-b09) for bsd-amd64 JRE (1.8.0_281-b09), built on Dec  9 2020 12:44:49 by "java_re" with gcc 4.2.1 Compatible Apple LLVM 10.0.0 (clang-1000.11.45.5)
Memory: 4k page, physical 8388608k(226552k free)

/proc/meminfo:

CommandLine flags: -XX:InitialHeapSize=536870912 -XX:MaxHeapSize=536870912 -XX:+PrintGC -XX:+PrintGCDateStamps -XX:+PrintGCTimeStamps -XX:-UseAdaptiveSizePolicy -XX:+UseCompressedClassPointers -XX:+UseCompressedOops -XX:+UseG1GC 
2021-03-28T23:35:36.483-0800: 0.290: [GC pause (G1 Evacuation Pause) (young) 33M->11M(512M), 0.0252671 secs]
2021-03-28T23:35:36.522-0800: 0.329: [GC pause (G1 Evacuation Pause) (young) 41M->20M(512M), 0.0138451 secs]
2021-03-28T23:35:36.547-0800: 0.355: [GC pause (G1 Evacuation Pause) (young) 51M->27M(512M), 0.0034667 secs]
2021-03-28T23:35:36.665-0800: 0.473: [GC pause (G1 Evacuation Pause) (young) 89M->52M(512M), 0.0633272 secs]
2021-03-28T23:35:36.742-0800: 0.549: [GC pause (G1 Evacuation Pause) (young) 96M->65M(512M), 0.0369630 secs]
2021-03-28T23:35:36.808-0800: 0.615: [GC pause (G1 Evacuation Pause) (young) 132M->86M(512M), 0.0232755 secs]
2021-03-28T23:35:36.872-0800: 0.679: [GC pause (G1 Evacuation Pause) (young) 166M->117M(512M), 0.0410610 secs]
2021-03-28T23:35:36.983-0800: 0.790: [GC pause (G1 Evacuation Pause) (young) 215M->146M(512M), 0.0384371 secs]
2021-03-28T23:35:37.260-0800: 1.068: [GC pause (G1 Humongous Allocation) (young) (initial-mark)-- 401M->226M(512M), 0.0411295 secs]
2021-03-28T23:35:37.302-0800: 1.109: [GC concurrent-root-region-scan-start]
2021-03-28T23:35:37.302-0800: 1.109: [GC concurrent-root-region-scan-end, 0.0002226 secs]
2021-03-28T23:35:37.302-0800: 1.109: [GC concurrent-mark-start]
2021-03-28T23:35:37.305-0800: 1.112: [GC concurrent-mark-end, 0.0031241 secs]
2021-03-28T23:35:37.305-0800: 1.112: [GC remark, 0.0013658 secs]
2021-03-28T23:35:37.307-0800: 1.114: [GC cleanup 244M->244M(512M), 0.0006452 secs]
2021-03-28T23:35:37.325-0800: 1.133: [GC pause (G1 Evacuation Pause) (young) 303M->248M(512M), 0.0079309 secs]
2021-03-28T23:35:37.336-0800: 1.144: [GC pause (G1 Evacuation Pause) (mixed) 264M->223M(512M), 0.0041365 secs]
2021-03-28T23:35:37.342-0800: 1.149: [GC pause (G1 Humongous Allocation) (young) (initial-mark) 230M->224M(512M), 0.0009648 secs]
2021-03-28T23:35:37.343-0800: 1.150: [GC concurrent-root-region-scan-start]
2021-03-28T23:35:37.343-0800: 1.151: [GC concurrent-root-region-scan-end, 0.0001477 secs]
2021-03-28T23:35:37.343-0800: 1.151: [GC concurrent-mark-start]
2021-03-28T23:35:37.345-0800: 1.152: [GC concurrent-mark-end, 0.0017085 secs]
2021-03-28T23:35:37.345-0800: 1.152: [GC remark, 0.0011432 secs]
2021-03-28T23:35:37.346-0800: 1.154: [GC cleanup 234M->233M(512M), 0.0003598 secs]
2021-03-28T23:35:37.347-0800: 1.154: [GC concurrent-cleanup-start]
2021-03-28T23:35:37.347-0800: 1.154: [GC concurrent-cleanup-end, 0.0000105 secs]
2021-03-28T23:35:37.394-0800: 1.201: [GC pause (G1 Evacuation Pause) (young)-- 414M->303M(512M), 0.0077951 secs]
2021-03-28T23:35:37.403-0800: 1.211: [GC pause (G1 Evacuation Pause) (mixed) 311M->293M(512M), 0.0083563 secs]
