Java HotSpot(TM) 64-Bit Server VM (25.281-b09) for bsd-amd64 JRE (1.8.0_281-b09), built on Dec  9 2020 12:44:49 by "java_re" with gcc 4.2.1 Compatible Apple LLVM 10.0.0 (clang-1000.11.45.5)
Memory: 4k page, physical 8388608k(262292k free)

/proc/meminfo:

CommandLine flags: -XX:InitialHeapSize=536870912 -XX:MaxHeapSize=536870912 -XX:+PrintGC -XX:+PrintGCDateStamps -XX:+PrintGCDetails -XX:+PrintGCTimeStamps -XX:-UseAdaptiveSizePolicy -XX:+UseCompressedClassPointers -XX:+UseCompressedOops -XX:+UseParallelGC 
2021-03-28T23:18:29.652-0800: 0.282: [GC (Allocation Failure) [PSYoungGen: 131584K->21494K(153088K)] 131584K->38441K(502784K), 0.0158300 secs] [Times: user=0.01 sys=0.02, real=0.01 secs] 
2021-03-28T23:18:29.726-0800: 0.357: [GC (Allocation Failure) [PSYoungGen: 153078K->21488K(153088K)] 170025K->79754K(502784K), 0.0539156 secs] [Times: user=0.03 sys=0.04, real=0.06 secs] 
2021-03-28T23:18:29.821-0800: 0.452: [GC (Allocation Failure) [PSYoungGen: 153072K->21484K(153088K)] 211338K->115642K(502784K), 0.0613028 secs] [Times: user=0.02 sys=0.02, real=0.06 secs] 
2021-03-28T23:18:29.933-0800: 0.563: [GC (Allocation Failure) [PSYoungGen: 153068K->21497K(153088K)] 247226K->156326K(502784K), 0.0654948 secs] [Times: user=0.03 sys=0.03, real=0.07 secs] 
2021-03-28T23:18:30.032-0800: 0.662: [GC (Allocation Failure) [PSYoungGen: 153081K->21490K(153088K)] 287910K->207798K(502784K), 0.0438413 secs] [Times: user=0.03 sys=0.02, real=0.04 secs] 
2021-03-28T23:18:30.113-0800: 0.743: [GC (Allocation Failure) [PSYoungGen: 153074K->21495K(153088K)] 339382K->256520K(502784K), 0.0367596 secs] [Times: user=0.02 sys=0.02, real=0.04 secs] 
2021-03-28T23:18:30.177-0800: 0.807: [GC (Allocation Failure) [PSYoungGen: 153079K->21501K(153088K)] 388104K->291644K(502784K), 0.0371174 secs] [Times: user=0.02 sys=0.03, real=0.04 secs] 
2021-03-28T23:18:30.236-0800: 0.866: [GC (Allocation Failure) [PSYoungGen: 153085K->21485K(153088K)] 423228K->334951K(502784K), 0.0318950 secs] [Times: user=0.03 sys=0.02, real=0.03 secs] 
2021-03-28T23:18:30.268-0800: 0.898: [Full GC (Ergonomics) [PSYoungGen: 21485K->0K(153088K)] [ParOldGen: 313466K->238461K(349696K)] 334951K->238461K(502784K), [Metaspace: 3226K->3226K(1056768K)], 0.0519573 secs] [Times: user=0.08 sys=0.04, real=0.06 secs] 
2021-03-28T23:18:30.341-0800: 0.971: [GC (Allocation Failure) [PSYoungGen: 131584K->21500K(153088K)] 370045K->284439K(502784K), 0.0087418 secs] [Times: user=0.01 sys=0.00, real=0.01 secs] 
2021-03-28T23:18:30.389-0800: 1.019: [GC (Allocation Failure) [PSYoungGen: 153084K->21486K(153088K)] 416023K->323582K(502784K), 0.0080753 secs] [Times: user=0.02 sys=0.00, real=0.01 secs] 
2021-03-28T23:18:30.397-0800: 1.027: [Full GC (Ergonomics) [PSYoungGen: 21486K->0K(153088K)] [ParOldGen: 302096K->264025K(349696K)] 323582K->264025K(502784K), [Metaspace: 3226K->3226K(1056768K)], 0.0743724 secs] [Times: user=0.06 sys=0.00, real=0.08 secs] 
2021-03-28T23:18:30.513-0800: 1.144: [GC (Allocation Failure) [PSYoungGen: 131510K->21485K(153088K)] 395536K->310308K(502784K), 0.0197316 secs] [Times: user=0.03 sys=0.00, real=0.02 secs] 
Heap
 PSYoungGen      total 153088K, used 48033K [0x00000007b5580000, 0x00000007c0000000, 0x00000007c0000000)
  eden space 131584K, 20% used [0x00000007b5580000,0x00000007b6f6d148,0x00000007bd600000)
  from space 21504K, 99% used [0x00000007bd600000,0x00000007beafb5a0,0x00000007beb00000)
  to   space 21504K, 0% used [0x00000007beb00000,0x00000007beb00000,0x00000007c0000000)
 ParOldGen       total 349696K, used 288822K [0x00000007a0000000, 0x00000007b5580000, 0x00000007b5580000)
  object space 349696K, 82% used [0x00000007a0000000,0x00000007b1a0dae8,0x00000007b5580000)
 Metaspace       used 3634K, capacity 4540K, committed 4864K, reserved 1056768K
  class space    used 409K, capacity 428K, committed 512K, reserved 1048576K
