Java HotSpot(TM) 64-Bit Server VM (25.281-b09) for bsd-amd64 JRE (1.8.0_281-b09), built on Dec  9 2020 12:44:49 by "java_re" with gcc 4.2.1 Compatible Apple LLVM 10.0.0 (clang-1000.11.45.5)
Memory: 4k page, physical 8388608k(37128k free)

/proc/meminfo:

CommandLine flags: -XX:InitialHeapSize=1073741824 -XX:MaxHeapSize=1073741824 -XX:+PrintGC -XX:+PrintGCDateStamps -XX:+PrintGCDetails -XX:+PrintGCTimeStamps -XX:-UseAdaptiveSizePolicy -XX:+UseCompressedClassPointers -XX:+UseCompressedOops -XX:+UseSerialGC 
2021-03-28T22:20:11.420-0800: 0.629: [GC (Allocation Failure) 2021-03-28T22:20:11.420-0800: 0.629: [DefNew: 279616K->34944K(314560K), 0.1097151 secs] 279616K->76826K(1013632K), 0.1098492 secs] [Times: user=0.03 sys=0.03, real=0.10 secs] 
2021-03-28T22:20:11.619-0800: 0.828: [GC (Allocation Failure) 2021-03-28T22:20:11.619-0800: 0.828: [DefNew: 314560K->34944K(314560K), 0.2226863 secs] 356442K->151711K(1013632K), 0.2227743 secs] [Times: user=0.04 sys=0.04, real=0.23 secs] 
2021-03-28T22:20:11.929-0800: 1.138: [GC (Allocation Failure) 2021-03-28T22:20:11.929-0800: 1.138: [DefNew: 314560K->34943K(314560K), 0.2400687 secs] 431327K->229000K(1013632K), 0.2401827 secs] [Times: user=0.04 sys=0.04, real=0.24 secs] 
Heap
 def new generation   total 314560K, used 46815K [0x0000000780000000, 0x0000000795550000, 0x0000000795550000)
  eden space 279616K,   4% used [0x0000000780000000, 0x0000000780b981d0, 0x0000000791110000)
  from space 34944K,  99% used [0x0000000793330000, 0x000000079554fde0, 0x0000000795550000)
  to   space 34944K,   0% used [0x0000000791110000, 0x0000000791110000, 0x0000000793330000)
 tenured generation   total 699072K, used 194056K [0x0000000795550000, 0x00000007c0000000, 0x00000007c0000000)
   the space 699072K,  27% used [0x0000000795550000, 0x00000007a12d2358, 0x00000007a12d2400, 0x00000007c0000000)
 Metaspace       used 3403K, capacity 4500K, committed 4864K, reserved 1056768K
  class space    used 376K, capacity 388K, committed 512K, reserved 1048576K
