Java HotSpot(TM) 64-Bit Server VM (25.281-b09) for bsd-amd64 JRE (1.8.0_281-b09), built on Dec  9 2020 12:44:49 by "java_re" with gcc 4.2.1 Compatible Apple LLVM 10.0.0 (clang-1000.11.45.5)
Memory: 4k page, physical 8388608k(362688k free)

/proc/meminfo:

CommandLine flags: -XX:InitialHeapSize=1073741824 -XX:MaxHeapSize=1073741824 -XX:+PrintGC -XX:+PrintGCDateStamps -XX:+PrintGCDetails -XX:+PrintGCTimeStamps -XX:-UseAdaptiveSizePolicy -XX:+UseCompressedClassPointers -XX:+UseCompressedOops -XX:+UseSerialGC 
2021-03-28T22:33:47.137-0800: 0.516: [GC (Allocation Failure) 2021-03-28T22:33:47.137-0800: 0.516: [DefNew: 279616K->34944K(314560K), 0.2502715 secs] 279616K->83771K(1013632K), 0.2508129 secs] [Times: user=0.03 sys=0.03, real=0.25 secs] 
2021-03-28T22:33:47.482-0800: 0.860: [GC (Allocation Failure) 2021-03-28T22:33:47.482-0800: 0.860: [DefNew: 314560K->34942K(314560K), 0.1132800 secs] 363387K->158545K(1013632K), 0.1133684 secs] [Times: user=0.04 sys=0.03, real=0.11 secs] 
2021-03-28T22:33:47.644-0800: 1.023: [GC (Allocation Failure) 2021-03-28T22:33:47.644-0800: 1.023: [DefNew: 314558K->34943K(314560K), 0.1007363 secs] 438161K->236190K(1013632K), 0.1008723 secs] [Times: user=0.03 sys=0.03, real=0.10 secs] 
Heap
 def new generation   total 314560K, used 272226K [0x0000000780000000, 0x0000000795550000, 0x0000000795550000)
  eden space 279616K,  84% used [0x0000000780000000, 0x000000078e7b8c60, 0x0000000791110000)
  from space 34944K,  99% used [0x0000000793330000, 0x000000079554fd08, 0x0000000795550000)
  to   space 34944K,   0% used [0x0000000791110000, 0x0000000791110000, 0x0000000793330000)
 tenured generation   total 699072K, used 201247K [0x0000000795550000, 0x00000007c0000000, 0x00000007c0000000)
   the space 699072K,  28% used [0x0000000795550000, 0x00000007a19d7e68, 0x00000007a19d8000, 0x00000007c0000000)
 Metaspace       used 3234K, capacity 4500K, committed 4864K, reserved 1056768K
  class space    used 358K, capacity 388K, committed 512K, reserved 1048576K
