Java HotSpot(TM) 64-Bit Server VM (25.281-b09) for bsd-amd64 JRE (1.8.0_281-b09), built on Dec  9 2020 12:44:49 by "java_re" with gcc 4.2.1 Compatible Apple LLVM 10.0.0 (clang-1000.11.45.5)
Memory: 4k page, physical 8388608k(17480k free)

/proc/meminfo:

CommandLine flags: -XX:InitialHeapSize=536870912 -XX:MaxHeapSize=536870912 -XX:+PrintGC -XX:+PrintGCDateStamps -XX:+PrintGCDetails -XX:+PrintGCTimeStamps -XX:-UseAdaptiveSizePolicy -XX:+UseCompressedClassPointers -XX:+UseCompressedOops -XX:+UseSerialGC 
2021-03-28T23:08:57.687-0800: 0.364: [GC (Allocation Failure) 2021-03-28T23:08:57.687-0800: 0.364: [DefNew: 139761K->17471K(157248K), 0.0738055 secs] 139761K->38545K(506816K), 0.0741989 secs] [Times: user=0.02 sys=0.01, real=0.08 secs] 
2021-03-28T23:08:57.810-0800: 0.487: [GC (Allocation Failure) 2021-03-28T23:08:57.810-0800: 0.487: [DefNew: 157212K->17471K(157248K), 0.0560652 secs] 178285K->91722K(506816K), 0.0561790 secs] [Times: user=0.02 sys=0.03, real=0.05 secs] 
2021-03-28T23:08:57.898-0800: 0.575: [GC (Allocation Failure) 2021-03-28T23:08:57.898-0800: 0.575: [DefNew: 156974K->17471K(157248K), 0.0517558 secs] 231225K->133150K(506816K), 0.0518551 secs] [Times: user=0.02 sys=0.01, real=0.06 secs] 
2021-03-28T23:08:58.070-0800: 0.747: [GC (Allocation Failure) 2021-03-28T23:08:58.070-0800: 0.747: [DefNew: 157112K->17468K(157248K), 0.0858056 secs] 272791K->182906K(506816K), 0.0859121 secs] [Times: user=0.02 sys=0.01, real=0.08 secs] 
2021-03-28T23:08:58.180-0800: 0.857: [GC (Allocation Failure) 2021-03-28T23:08:58.181-0800: 0.857: [DefNew: 157200K->17467K(157248K), 0.0304995 secs] 322638K->220864K(506816K), 0.0306000 secs] [Times: user=0.01 sys=0.02, real=0.03 secs] 
2021-03-28T23:08:58.233-0800: 0.910: [GC (Allocation Failure) 2021-03-28T23:08:58.233-0800: 0.910: [DefNew: 156719K->17471K(157248K), 0.0321153 secs] 360116K->262596K(506816K), 0.0322041 secs] [Times: user=0.02 sys=0.01, real=0.03 secs] 
2021-03-28T23:08:58.290-0800: 0.966: [GC (Allocation Failure) 2021-03-28T23:08:58.290-0800: 0.967: [DefNew: 157247K->17471K(157248K), 0.0470791 secs] 402372K->303874K(506816K), 0.0471749 secs] [Times: user=0.02 sys=0.01, real=0.04 secs] 
2021-03-28T23:08:58.386-0800: 1.063: [GC (Allocation Failure) 2021-03-28T23:08:58.388-0800: 1.065: [DefNew: 157247K->17472K(157248K), 0.0687538 secs] 443650K->351418K(506816K), 0.0707407 secs] [Times: user=0.02 sys=0.02, real=0.07 secs] 
2021-03-28T23:08:58.483-0800: 1.160: [GC (Allocation Failure) 2021-03-28T23:08:58.483-0800: 1.160: [DefNew: 157248K->157248K(157248K), 0.0000382 secs]2021-03-28T23:08:58.483-0800: 1.160: [Tenured: 333946K->274244K(349568K), 0.0715932 secs] 491194K->274244K(506816K), [Metaspace: 3228K->3228K(1056768K)], 0.0717593 secs] [Times: user=0.06 sys=0.01, real=0.07 secs] 
Heap
 def new generation   total 157248K, used 8494K [0x00000007a0000000, 0x00000007aaaa0000, 0x00000007aaaa0000)
  eden space 139776K,   6% used [0x00000007a0000000, 0x00000007a084ba40, 0x00000007a8880000)
  from space 17472K,   0% used [0x00000007a8880000, 0x00000007a8880000, 0x00000007a9990000)
  to   space 17472K,   0% used [0x00000007a9990000, 0x00000007a9990000, 0x00000007aaaa0000)
 tenured generation   total 349568K, used 274244K [0x00000007aaaa0000, 0x00000007c0000000, 0x00000007c0000000)
   the space 349568K,  78% used [0x00000007aaaa0000, 0x00000007bb6711a0, 0x00000007bb671200, 0x00000007c0000000)
 Metaspace       used 3326K, capacity 4500K, committed 4864K, reserved 1056768K
  class space    used 366K, capacity 388K, committed 512K, reserved 1048576K
